  Γû▓ Next.js 14.2.14
  - Environments: .env

   Creating an optimized production build ...
 Γ£ô Compiled successfully
   Linting and checking validity of types ...
node.exe : 
At line:1 char:1
+ & "C:\Program 
Files\nodejs/node.exe" 
"C:\Program 
Files\nodejs/node_mo ...
+ ~~~~~~~~~~~~~~~~~~~~~~~~~
~~~~~~~~~~~~~~~~~~~~~~~~~~~
~~~~~~~~~~~~~~~~~
    + CategoryInfo         
     : NotSpecified: (:St  
  ring) [], RemoteExcept   
 ion
    + FullyQualifiedErrorI 
   d : NativeCommandError
 
Failed to compile.

./src/components/Architectu
re.tsx
17:7  Error: 'cloudSinks' 
is assigned a value but 
never used.  @typescript-es
lint/no-unused-vars
70:8  Warning: React Hook 
useEffect has a missing 
dependency: 'sequence'. 
Either include it or 
remove the dependency 
array.  
react-hooks/exhaustive-deps

./src/components/DigitalTwi
nSection.tsx
3:18  Error: 
'AnimatePresence' is 
defined but never used.  @t
ypescript-eslint/no-unused-
vars

./src/components/Header.tsx
2:8  Error: 'Image' is 
defined but never used.  @t
ypescript-eslint/no-unused-
vars

./src/components/Hero.tsx
7:10  Error: 'useState' is 
defined but never used.  @t
ypescript-eslint/no-unused-
vars
11:10  Error: 
'PilotRequestModal' is 
defined but never used.  @t
ypescript-eslint/no-unused-
vars

./src/components/LinearArch
itecture.tsx
6:10  Error: 'FadeIn' is 
defined but never used.  @t
ypescript-eslint/no-unused-
vars
62:8  Warning: React Hook 
useEffect has missing 
dependencies: 
'scanControls' and 
'startScan'. Either 
include them or remove the 
dependency array.  
react-hooks/exhaustive-deps
102:44  Error: Unexpected 
any. Specify a different 
type.  @typescript-eslint/n
o-explicit-any

./src/components/Modules.ts
x
8:69  Error: 'X' is 
defined but never used.  @t
ypescript-eslint/no-unused-
vars
85:29  Error: Unexpected 
any. Specify a different 
type.  @typescript-eslint/n
o-explicit-any
106:20  Error: Unexpected 
any. Specify a different 
type.  @typescript-eslint/n
o-explicit-any
167:50  Error: Unexpected 
any. Specify a different 
type.  @typescript-eslint/n
o-explicit-any
250:45  Warning: Using 
`<img>` could result in 
slower LCP and higher 
bandwidth. Consider using 
`<Image />` from 
`next/image` to 
automatically optimize 
images. This may incur 
additional usage or cost 
from your provider. See: ht
tps://nextjs.org/docs/messa
ges/no-img-element  
@next/next/no-img-element
265:97  Error: Comments 
inside children section of 
tag should be placed 
inside braces  react/jsx-no
-comment-textnodes

./src/components/PilotReque
stModal.tsx
15:70  Error: 
'requestType' is assigned 
a value but never used.  @t
ypescript-eslint/no-unused-
vars
23:12  Error: 
'errorMessage' is assigned 
a value but never used.  @t
ypescript-eslint/no-unused-
vars

./src/components/ProductPor
tfolio.tsx
109:29  Warning: Using 
`<img>` could result in 
slower LCP and higher 
bandwidth. Consider using 
`<Image />` from 
`next/image` to 
automatically optimize 
images. This may incur 
additional usage or cost 
from your provider. See: ht
tps://nextjs.org/docs/messa
ges/no-img-element  
@next/next/no-img-element

./src/components/ProjectMod
al.tsx
109:33  Warning: Using 
`<img>` could result in 
slower LCP and higher 
bandwidth. Consider using 
`<Image />` from 
`next/image` to 
automatically optimize 
images. This may incur 
additional usage or cost 
from your provider. See: ht
tps://nextjs.org/docs/messa
ges/no-img-element  
@next/next/no-img-element

./src/components/Testimonia
ls.tsx
5:8  Error: 'Link' is 
defined but never used.  @t
ypescript-eslint/no-unused-
vars

./src/services/emailService
.ts
53:18  Error: Unexpected 
any. Specify a different 
type.  @typescript-eslint/n
o-explicit-any
61:21  Error: Unexpected 
any. Specify a different 
type.  @typescript-eslint/n
o-explicit-any

info  - Need to disable 
some ESLint rules? Learn 
more here: https://nextjs.o
rg/docs/basic-features/esli
nt#disabling-rules
